// Jest Snapshot v1, https://goo.gl/fbAQLP

exports[`RecipeListMain component renders a .RecipeListMain by default 1`] = `
<section
  className="RecipeListMain"
>
  <ul />
  <div
    className="RecipeListMain__button-container"
  >
    <NavCircleButton
      className="RecipeListMain__add-recipe-button"
      tag={
        Object {
          "$$typeof": Symbol(react.forward_ref),
          "displayName": "Link",
          "propTypes": Object {
            "innerRef": [Function],
            "onClick": [Function],
            "replace": [Function],
            "target": [Function],
            "to": [Function],
          },
          "render": [Function],
        }
      }
      to="/add-recipe"
      type="button"
    >
      <FontAwesomeIcon
        border={false}
        className=""
        fixedWidth={false}
        flip={null}
        icon="plus"
        inverse={false}
        listItem={false}
        mask={null}
        pull={null}
        pulse={false}
        rotation={null}
        size={null}
        spin={false}
        swapOpacity={false}
        symbol={false}
        title=""
        transform={null}
      />
      <br />
      Recipe
    </NavCircleButton>
  </div>
</section>
`;
