// Jest Snapshot v1, https://goo.gl/fbAQLP

exports[`SecretStashForm component renders a form.SecretStashForm by default 1`] = `
<form
  action="#"
  className="SecretStash-form "
/>
`;

exports[`SecretStashForm component renders the SecretStashForm given props 1`] = `
<form
  action="#"
  className="SecretStash-form test-class-name"
  data-other="test-other-prop"
>
  <p>
    test children
  </p>
</form>
`;
