// Jest Snapshot v1, https://goo.gl/fbAQLP

exports[`RecipePageMain component renders a .RecipePageMain by default 1`] = `
<section
  className="RecipePageMain"
>
  <Recipe />
  <section>
    <div
      className="RecipePageMain__ingredients"
    >
      <h4>
        Ingredients
      </h4>
      <ul>
        <li />
      </ul>
    </div>
  </section>
  <section>
    <div
      className="RecipePageMain__steps"
    >
      <h4>
        Steps
      </h4>
      <blockquote />
    </div>
  </section>
</section>
`;
