// Jest Snapshot v1, https://goo.gl/fbAQLP

exports[`AddItemForm component renders the complete form 1`] = `
<div
  className="AddFolder"
>
  <header
    className="AddFolder__header"
  >
    <h1>
      Add a New Folder
    </h1>
  </header>
  <SecreStashForm
    onSubmit={[Function]}
  >
    <div
      className="AddFolder__field"
    >
      <label
        htmlFor="folder-name-input"
      >
        Folder Name
      </label>
      <input
        id="foldername"
        name="foldername"
        placeholder="Breakfast"
        required={true}
        type="text"
      />
    </div>
    <div
      className="AddFolder__buttons"
    >
      <button
        className="AddFolder__submit-button"
        type="submit"
      >
        Add
      </button>
    </div>
  </SecreStashForm>
</div>
`;
